192.168.1.37 - - [02/Jan/2023:23:26:57 +0100] "GET / HTTP/2.0" 200 962 "-" "Mozilla/5.0 (X11; Ubuntu; Linux x86_64; rv:108.0) Gecko/20100101 Firefox/108.0"
192.168.1.37 - - [02/Jan/2023:23:26:57 +0100] "GET /initialize.js HTTP/2.0" 200 223 "https://radarr.plexamh.duckdns.org/" "Mozilla/5.0 (X11; Ubuntu; Linux x86_64; rv:108.0) Gecko/20100101 Firefox/108.0"
192.168.1.37 - - [02/Jan/2023:23:26:57 +0100] "GET /Content/styles.css?h=L5nlq7QF5xXgHEl86DoDVA HTTP/2.0" 200 39073 "https://radarr.plexamh.duckdns.org/" "Mozilla/5.0 (X11; Ubuntu; Linux x86_64; rv:108.0) Gecko/20100101 Firefox/108.0"
192.168.1.37 - - [02/Jan/2023:23:26:57 +0100] "GET /index.js?h=mLfDdO4ZT80XUNtZqMdwgQ HTTP/2.0" 200 322344 "https://radarr.plexamh.duckdns.org/" "Mozilla/5.0 (X11; Ubuntu; Linux x86_64; rv:108.0) Gecko/20100101 Firefox/108.0"
192.168.1.37 - - [02/Jan/2023:23:26:57 +0100] "GET /vendors.js?h=vKE4Bp2Ufd/uoKei3lhnLg HTTP/2.0" 200 597113 "https://radarr.plexamh.duckdns.org/" "Mozilla/5.0 (X11; Ubuntu; Linux x86_64; rv:108.0) Gecko/20100101 Firefox/108.0"
192.168.1.37 - - [02/Jan/2023:23:26:57 +0100] "GET /initialize.js HTTP/2.0" 200 223 "-" "Mozilla/5.0 (X11; Ubuntu; Linux x86_64; rv:108.0) Gecko/20100101 Firefox/108.0"
192.168.1.37 - - [02/Jan/2023:23:26:57 +0100] "GET /index.js?h=mLfDdO4ZT80XUNtZqMdwgQ HTTP/2.0" 200 322344 "-" "Mozilla/5.0 (X11; Ubuntu; Linux x86_64; rv:108.0) Gecko/20100101 Firefox/108.0"
192.168.1.37 - - [02/Jan/2023:23:26:57 +0100] "GET /Content/Fonts/fonts.css?h=mBv1x1/yHnvphLclzeQIBA HTTP/2.0" 200 310 "https://radarr.plexamh.duckdns.org/" "Mozilla/5.0 (X11; Ubuntu; Linux x86_64; rv:108.0) Gecko/20100101 Firefox/108.0"
192.168.1.37 - - [02/Jan/2023:23:26:57 +0100] "GET /vendors.js?h=vKE4Bp2Ufd/uoKei3lhnLg HTTP/2.0" 200 597113 "-" "Mozilla/5.0 (X11; Ubuntu; Linux x86_64; rv:108.0) Gecko/20100101 Firefox/108.0"
192.168.1.37 - - [02/Jan/2023:23:26:57 +0100] "GET /api/v3/localization HTTP/2.0" 200 24592 "https://radarr.plexamh.duckdns.org/" "Mozilla/5.0 (X11; Ubuntu; Linux x86_64; rv:108.0) Gecko/20100101 Firefox/108.0"
192.168.1.37 - - [02/Jan/2023:23:26:58 +0100] "GET /api/v3/movie HTTP/2.0" 200 1749 "https://radarr.plexamh.duckdns.org/" "Mozilla/5.0 (X11; Ubuntu; Linux x86_64; rv:108.0) Gecko/20100101 Firefox/108.0"
192.168.1.37 - - [02/Jan/2023:23:26:58 +0100] "GET /api/v3/tag HTTP/2.0" 200 6 "https://radarr.plexamh.duckdns.org/" "Mozilla/5.0 (X11; Ubuntu; Linux x86_64; rv:108.0) Gecko/20100101 Firefox/108.0"
192.168.1.37 - - [02/Jan/2023:23:26:58 +0100] "GET /api/v3/customFilter HTTP/2.0" 200 6 "https://radarr.plexamh.duckdns.org/" "Mozilla/5.0 (X11; Ubuntu; Linux x86_64; rv:108.0) Gecko/20100101 Firefox/108.0"
192.168.1.37 - - [02/Jan/2023:23:26:58 +0100] "GET /api/v3/qualityprofile HTTP/2.0" 200 5082 "https://radarr.plexamh.duckdns.org/" "Mozilla/5.0 (X11; Ubuntu; Linux x86_64; rv:108.0) Gecko/20100101 Firefox/108.0"
192.168.1.37 - - [02/Jan/2023:23:26:58 +0100] "GET /api/v3/language HTTP/2.0" 200 629 "https://radarr.plexamh.duckdns.org/" "Mozilla/5.0 (X11; Ubuntu; Linux x86_64; rv:108.0) Gecko/20100101 Firefox/108.0"
192.168.1.37 - - [02/Jan/2023:23:26:58 +0100] "GET /api/v3/system/status HTTP/2.0" 200 456 "https://radarr.plexamh.duckdns.org/" "Mozilla/5.0 (X11; Ubuntu; Linux x86_64; rv:108.0) Gecko/20100101 Firefox/108.0"
192.168.1.37 - - [02/Jan/2023:23:26:58 +0100] "GET /api/v3/indexerFlag HTTP/2.0" 200 294 "https://radarr.plexamh.duckdns.org/" "Mozilla/5.0 (X11; Ubuntu; Linux x86_64; rv:108.0) Gecko/20100101 Firefox/108.0"
192.168.1.37 - - [02/Jan/2023:23:26:58 +0100] "GET /api/v3/config/ui HTTP/2.0" 200 228 "https://radarr.plexamh.duckdns.org/" "Mozilla/5.0 (X11; Ubuntu; Linux x86_64; rv:108.0) Gecko/20100101 Firefox/108.0"
192.168.1.37 - - [02/Jan/2023:23:26:58 +0100] "GET /api/v3/importlist HTTP/2.0" 200 6 "https://radarr.plexamh.duckdns.org/" "Mozilla/5.0 (X11; Ubuntu; Linux x86_64; rv:108.0) Gecko/20100101 Firefox/108.0"
192.168.1.37 - - [02/Jan/2023:23:26:58 +0100] "GET /Content/Fonts/Roboto-Light.woff2?v=1.3.0 HTTP/2.0" 200 62832 "https://radarr.plexamh.duckdns.org/Content/Fonts/fonts.css?h=mBv1x1/yHnvphLclzeQIBA" "Mozilla/5.0 (X11; Ubuntu; Linux x86_64; rv:108.0) Gecko/20100101 Firefox/108.0"
192.168.1.37 - - [02/Jan/2023:23:26:58 +0100] "GET /Content/Fonts/Roboto-Regular.woff2?v=1.3.0 HTTP/2.0" 200 63412 "https://radarr.plexamh.duckdns.org/Content/Fonts/fonts.css?h=mBv1x1/yHnvphLclzeQIBA" "Mozilla/5.0 (X11; Ubuntu; Linux x86_64; rv:108.0) Gecko/20100101 Firefox/108.0"
192.168.1.37 - - [02/Jan/2023:23:26:58 +0100] "GET /Content/Images/Icons/favicon-32x32.png?h=bUxyGU7P9+rZb2XbRYUb6Q HTTP/2.0" 200 2670 "https://radarr.plexamh.duckdns.org/" "Mozilla/5.0 (X11; Ubuntu; Linux x86_64; rv:108.0) Gecko/20100101 Firefox/108.0"
192.168.1.37 - - [02/Jan/2023:23:26:58 +0100] "GET /api/v3/collection HTTP/2.0" 200 1754 "https://radarr.plexamh.duckdns.org/" "Mozilla/5.0 (X11; Ubuntu; Linux x86_64; rv:108.0) Gecko/20100101 Firefox/108.0"
192.168.1.37 - - [02/Jan/2023:23:26:58 +0100] "GET /Content/Images/logo-full.png HTTP/2.0" 200 29513 "https://radarr.plexamh.duckdns.org/" "Mozilla/5.0 (X11; Ubuntu; Linux x86_64; rv:108.0) Gecko/20100101 Firefox/108.0"
192.168.1.37 - - [02/Jan/2023:23:26:58 +0100] "POST /signalr/messages/negotiate?access_token=897659bf2747415b98aa3120c5f8f363&negotiateVersion=1 HTTP/2.0" 200 216 "https://radarr.plexamh.duckdns.org/" "Mozilla/5.0 (X11; Ubuntu; Linux x86_64; rv:108.0) Gecko/20100101 Firefox/108.0"
192.168.1.37 - - [02/Jan/2023:23:26:58 +0100] "GET /api/v3/queue/status HTTP/2.0" 200 107 "https://radarr.plexamh.duckdns.org/" "Mozilla/5.0 (X11; Ubuntu; Linux x86_64; rv:108.0) Gecko/20100101 Firefox/108.0"
192.168.1.37 - - [02/Jan/2023:23:26:58 +0100] "GET /api/v3/health HTTP/2.0" 200 170 "https://radarr.plexamh.duckdns.org/" "Mozilla/5.0 (X11; Ubuntu; Linux x86_64; rv:108.0) Gecko/20100101 Firefox/108.0"
192.168.1.37 - - [02/Jan/2023:23:26:58 +0100] "GET /api/v3/queue/details HTTP/2.0" 200 6 "https://radarr.plexamh.duckdns.org/" "Mozilla/5.0 (X11; Ubuntu; Linux x86_64; rv:108.0) Gecko/20100101 Firefox/108.0"
192.168.1.37 - - [02/Jan/2023:23:26:58 +0100] "GET /api/v3/rootFolder HTTP/2.0" 200 230 "https://radarr.plexamh.duckdns.org/" "Mozilla/5.0 (X11; Ubuntu; Linux x86_64; rv:108.0) Gecko/20100101 Firefox/108.0"
192.168.1.37 - - [02/Jan/2023:23:26:58 +0100] "GET /MediaCover/1/poster-250.jpg?lastWrite=638082842422054924 HTTP/2.0" 200 22447 "https://radarr.plexamh.duckdns.org/" "Mozilla/5.0 (X11; Ubuntu; Linux x86_64; rv:108.0) Gecko/20100101 Firefox/108.0"
192.168.1.37 - - [02/Jan/2023:23:26:58 +0100] "GET /Content/Images/Icons/apple-touch-icon.png?h=QMW7w5FhldXR090sP7kDlQ HTTP/2.0" 200 9552 "https://radarr.plexamh.duckdns.org/" "Mozilla/5.0 (X11; Ubuntu; Linux x86_64; rv:108.0) Gecko/20100101 Firefox/108.0"
192.168.1.37 - - [02/Jan/2023:23:26:58 +0100] "GET /Content/Images/Icons/favicon-16x16.png?h=GmD3+SimWfdjIE1SWzz5DQ HTTP/2.0" 200 1392 "https://radarr.plexamh.duckdns.org/" "Mozilla/5.0 (X11; Ubuntu; Linux x86_64; rv:108.0) Gecko/20100101 Firefox/108.0"
192.168.1.37 - - [02/Jan/2023:23:27:09 +0100] "GET / HTTP/2.0" 200 1345 "-" "Mozilla/5.0 (X11; Ubuntu; Linux x86_64; rv:108.0) Gecko/20100101 Firefox/108.0"
192.168.1.37 - - [02/Jan/2023:23:27:09 +0100] "GET /favicon.ico HTTP/2.0" 200 1345 "https://overserr.plexamh.duckdns.org/" "Mozilla/5.0 (X11; Ubuntu; Linux x86_64; rv:108.0) Gecko/20100101 Firefox/108.0"
192.168.1.37 - - [02/Jan/2023:23:27:19 +0100] "GET /api/v3/command HTTP/2.0" 200 577 "https://radarr.plexamh.duckdns.org/" "Mozilla/5.0 (X11; Ubuntu; Linux x86_64; rv:108.0) Gecko/20100101 Firefox/108.0"
192.168.1.37 - - [02/Jan/2023:23:27:27 +0100] "GET / HTTP/2.0" 200 1345 "-" "Mozilla/5.0 (X11; Ubuntu; Linux x86_64; rv:108.0) Gecko/20100101 Firefox/108.0"
192.168.1.37 - - [02/Jan/2023:23:27:27 +0100] "GET /favicon.ico HTTP/2.0" 200 1345 "https://swag.plexamh.duckdns.org/" "Mozilla/5.0 (X11; Ubuntu; Linux x86_64; rv:108.0) Gecko/20100101 Firefox/108.0"
192.168.1.37 - - [02/Jan/2023:23:27:34 +0100] "GET / HTTP/2.0" 401 157 "-" "Mozilla/5.0 (X11; Ubuntu; Linux x86_64; rv:108.0) Gecko/20100101 Firefox/108.0"
192.168.1.37 - - [02/Jan/2023:23:27:34 +0100] "GET /web/index.html HTTP/2.0" 200 7886 "https://plex.plexamh.duckdns.org/" "Mozilla/5.0 (X11; Ubuntu; Linux x86_64; rv:108.0) Gecko/20100101 Firefox/108.0"
192.168.1.37 - - [02/Jan/2023:23:27:34 +0100] "GET /web/883-883-f1b1427bce9454e51024-plex-4.87.2.25887-d04a1ad.css HTTP/2.0" 200 61444 "https://plex.plexamh.duckdns.org/web/index.html" "Mozilla/5.0 (X11; Ubuntu; Linux x86_64; rv:108.0) Gecko/20100101 Firefox/108.0"
192.168.1.37 - - [02/Jan/2023:23:27:34 +0100] "GET /web/main-179-4311b1e69996afdff1f5-plex-4.87.2.25887-d04a1ad.css HTTP/2.0" 200 490917 "https://plex.plexamh.duckdns.org/web/index.html" "Mozilla/5.0 (X11; Ubuntu; Linux x86_64; rv:108.0) Gecko/20100101 Firefox/108.0"
192.168.1.37 - - [02/Jan/2023:23:27:34 +0100] "GET /web/js/main-179-4311b1e69996afdff1f5-plex-4.87.2.25887-d04a1ad.js HTTP/2.0" 200 3050040 "https://plex.plexamh.duckdns.org/web/index.html" "Mozilla/5.0 (X11; Ubuntu; Linux x86_64; rv:108.0) Gecko/20100101 Firefox/108.0"
192.168.1.37 - - [02/Jan/2023:23:27:34 +0100] "GET /web/js/883-883-f1b1427bce9454e51024-plex-4.87.2.25887-d04a1ad.js HTTP/2.0" 200 1747970 "https://plex.plexamh.duckdns.org/web/index.html" "Mozilla/5.0 (X11; Ubuntu; Linux x86_64; rv:108.0) Gecko/20100101 Firefox/108.0"
192.168.1.37 - - [02/Jan/2023:23:27:34 +0100] "GET /web/js/883-883-f1b1427bce9454e51024-plex-4.87.2.25887-d04a1ad.js HTTP/2.0" 200 1747970 "-" "Mozilla/5.0 (X11; Ubuntu; Linux x86_64; rv:108.0) Gecko/20100101 Firefox/108.0"
192.168.1.37 - - [02/Jan/2023:23:27:34 +0100] "GET /web/js/main-179-4311b1e69996afdff1f5-plex-4.87.2.25887-d04a1ad.js HTTP/2.0" 200 3050040 "-" "Mozilla/5.0 (X11; Ubuntu; Linux x86_64; rv:108.0) Gecko/20100101 Firefox/108.0"
192.168.1.37 - - [02/Jan/2023:23:27:34 +0100] "GET /web/translations/fr.json HTTP/2.0" 200 213290 "https://plex.plexamh.duckdns.org/web/index.html" "Mozilla/5.0 (X11; Ubuntu; Linux x86_64; rv:108.0) Gecko/20100101 Firefox/108.0"
192.168.1.37 - - [02/Jan/2023:23:27:34 +0100] "GET /web/favicon.ico HTTP/2.0" 200 5430 "https://plex.plexamh.duckdns.org/web/index.html" "Mozilla/5.0 (X11; Ubuntu; Linux x86_64; rv:108.0) Gecko/20100101 Firefox/108.0"
192.168.1.37 - - [02/Jan/2023:23:27:35 +0100] "GET /web/static/icon-ipad@2x.png HTTP/2.0" 200 14211 "https://plex.plexamh.duckdns.org/web/index.html" "Mozilla/5.0 (X11; Ubuntu; Linux x86_64; rv:108.0) Gecko/20100101 Firefox/108.0"
192.168.1.37 - - [02/Jan/2023:23:27:35 +0100] "GET /web/static/b38a559594ac52d049ba.png HTTP/2.0" 200 54413 "https://plex.plexamh.duckdns.org/web/index.html" "Mozilla/5.0 (X11; Ubuntu; Linux x86_64; rv:108.0) Gecko/20100101 Firefox/108.0"
192.168.1.37 - - [02/Jan/2023:23:27:35 +0100] "GET /web/static/362b56e7c69551249027.woff HTTP/2.0" 200 63712 "https://plex.plexamh.duckdns.org/web/main-179-4311b1e69996afdff1f5-plex-4.87.2.25887-d04a1ad.css" "Mozilla/5.0 (X11; Ubuntu; Linux x86_64; rv:108.0) Gecko/20100101 Firefox/108.0"
192.168.1.37 - - [02/Jan/2023:23:27:35 +0100] "GET /media/providers?X-Plex-Product=Plex%20Web&X-Plex-Version=4.87.2&X-Plex-Client-Identifier=2nflg5ryyumqfzqj0yic6eff&X-Plex-Platform=Firefox&X-Plex-Platform-Version=108.0&X-Plex-Features=external-media%2Cindirect-media%2Chub-style-list&X-Plex-Model=bundled&X-Plex-Device=Linux&X-Plex-Device-Name=Firefox&X-Plex-Device-Screen-Resolution=1846x968%2C1920x1080&X-Plex-Language=fr HTTP/2.0" 401 82 "https://plex.plexamh.duckdns.org/web/index.html" "Mozilla/5.0 (X11; Ubuntu; Linux x86_64; rv:108.0) Gecko/20100101 Firefox/108.0"
192.168.1.37 - - [02/Jan/2023:23:27:35 +0100] "GET /?X-Plex-Product=Plex%20Web&X-Plex-Version=4.87.2&X-Plex-Client-Identifier=2nflg5ryyumqfzqj0yic6eff&X-Plex-Platform=Firefox&X-Plex-Platform-Version=108.0&X-Plex-Features=external-media%2Cindirect-media%2Chub-style-list&X-Plex-Model=bundled&X-Plex-Device=Linux&X-Plex-Device-Name=Firefox&X-Plex-Device-Screen-Resolution=1846x968%2C1920x1080&X-Plex-Language=fr HTTP/2.0" 401 157 "https://plex.plexamh.duckdns.org/web/index.html" "Mozilla/5.0 (X11; Ubuntu; Linux x86_64; rv:108.0) Gecko/20100101 Firefox/108.0"
192.168.1.37 - - [02/Jan/2023:23:27:35 +0100] "GET /identity?X-Plex-Product=Plex%20Web&X-Plex-Version=4.87.2&X-Plex-Client-Identifier=2nflg5ryyumqfzqj0yic6eff&X-Plex-Platform=Firefox&X-Plex-Platform-Version=108.0&X-Plex-Features=external-media%2Cindirect-media%2Chub-style-list&X-Plex-Model=bundled&X-Plex-Device=Linux&X-Plex-Device-Name=Firefox&X-Plex-Device-Screen-Resolution=1846x968%2C1920x1080&X-Plex-Language=fr HTTP/2.0" 200 170 "https://plex.plexamh.duckdns.org/web/index.html" "Mozilla/5.0 (X11; Ubuntu; Linux x86_64; rv:108.0) Gecko/20100101 Firefox/108.0"
192.168.1.37 - - [02/Jan/2023:23:28:16 +0100] "GET / HTTP/2.0" 200 890 "-" "Mozilla/5.0 (X11; Ubuntu; Linux x86_64; rv:108.0) Gecko/20100101 Firefox/108.0"
192.168.1.37 - - [02/Jan/2023:23:28:16 +0100] "GET /Content/Fonts/fonts.css?h=mBv1x1/yHnvphLclzeQIBA HTTP/2.0" 200 282 "https://sonarr.plexamh.duckdns.org/" "Mozilla/5.0 (X11; Ubuntu; Linux x86_64; rv:108.0) Gecko/20100101 Firefox/108.0"
192.168.1.37 - - [02/Jan/2023:23:28:16 +0100] "GET /initialize.js HTTP/2.0" 200 191 "https://sonarr.plexamh.duckdns.org/" "Mozilla/5.0 (X11; Ubuntu; Linux x86_64; rv:108.0) Gecko/20100101 Firefox/108.0"
192.168.1.37 - - [02/Jan/2023:23:28:16 +0100] "GET /Content/styles.css?h=tuKZEazA9zCUXjXslbYZig HTTP/2.0" 200 28159 "https://sonarr.plexamh.duckdns.org/" "Mozilla/5.0 (X11; Ubuntu; Linux x86_64; rv:108.0) Gecko/20100101 Firefox/108.0"
192.168.1.37 - - [02/Jan/2023:23:28:16 +0100] "GET /initialize.js HTTP/2.0" 200 191 "-" "Mozilla/5.0 (X11; Ubuntu; Linux x86_64; rv:108.0) Gecko/20100101 Firefox/108.0"
192.168.1.37 - - [02/Jan/2023:23:28:16 +0100] "GET /index.js?h=gWiyd50E7kEL/vcxpXo5eA HTTP/2.0" 200 225899 "https://sonarr.plexamh.duckdns.org/" "Mozilla/5.0 (X11; Ubuntu; Linux x86_64; rv:108.0) Gecko/20100101 Firefox/108.0"
192.168.1.37 - - [02/Jan/2023:23:28:16 +0100] "GET /vendors.js?h=lca5ghhPDXhgOwhzvxCi5w HTTP/2.0" 200 415018 "https://sonarr.plexamh.duckdns.org/" "Mozilla/5.0 (X11; Ubuntu; Linux x86_64; rv:108.0) Gecko/20100101 Firefox/108.0"
192.168.1.37 - - [02/Jan/2023:23:28:16 +0100] "GET /index.js?h=gWiyd50E7kEL/vcxpXo5eA HTTP/2.0" 200 225899 "-" "Mozilla/5.0 (X11; Ubuntu; Linux x86_64; rv:108.0) Gecko/20100101 Firefox/108.0"
192.168.1.37 - - [02/Jan/2023:23:28:16 +0100] "GET /vendors.js?h=lca5ghhPDXhgOwhzvxCi5w HTTP/2.0" 200 415018 "-" "Mozilla/5.0 (X11; Ubuntu; Linux x86_64; rv:108.0) Gecko/20100101 Firefox/108.0"
192.168.1.37 - - [02/Jan/2023:23:28:17 +0100] "GET /Content/Fonts/Roboto-Regular.woff2?v=1.3.0 HTTP/2.0" 200 63412 "https://sonarr.plexamh.duckdns.org/Content/Fonts/fonts.css?h=mBv1x1/yHnvphLclzeQIBA" "Mozilla/5.0 (X11; Ubuntu; Linux x86_64; rv:108.0) Gecko/20100101 Firefox/108.0"
192.168.1.37 - - [02/Jan/2023:23:28:17 +0100] "GET /Content/Fonts/Roboto-Light.woff2?v=1.3.0 HTTP/2.0" 200 62832 "https://sonarr.plexamh.duckdns.org/Content/Fonts/fonts.css?h=mBv1x1/yHnvphLclzeQIBA" "Mozilla/5.0 (X11; Ubuntu; Linux x86_64; rv:108.0) Gecko/20100101 Firefox/108.0"
192.168.1.37 - - [02/Jan/2023:23:28:17 +0100] "GET /Content/Images/Icons/favicon-32x32.png?h=s64FHSxrh1sgZCiBBIVikQ HTTP/2.0" 200 1389 "https://sonarr.plexamh.duckdns.org/" "Mozilla/5.0 (X11; Ubuntu; Linux x86_64; rv:108.0) Gecko/20100101 Firefox/108.0"
192.168.1.37 - - [02/Jan/2023:23:28:17 +0100] "GET /api/v3/tag HTTP/2.0" 200 22 "https://sonarr.plexamh.duckdns.org/" "Mozilla/5.0 (X11; Ubuntu; Linux x86_64; rv:108.0) Gecko/20100101 Firefox/108.0"
192.168.1.37 - - [02/Jan/2023:23:28:17 +0100] "GET /api/v3/config/ui HTTP/2.0" 200 178 "https://sonarr.plexamh.duckdns.org/" "Mozilla/5.0 (X11; Ubuntu; Linux x86_64; rv:108.0) Gecko/20100101 Firefox/108.0"
192.168.1.37 - - [02/Jan/2023:23:28:17 +0100] "GET /api/v3/customFilter HTTP/2.0" 200 22 "https://sonarr.plexamh.duckdns.org/" "Mozilla/5.0 (X11; Ubuntu; Linux x86_64; rv:108.0) Gecko/20100101 Firefox/108.0"
192.168.1.37 - - [02/Jan/2023:23:28:17 +0100] "GET /api/v3/importlist HTTP/2.0" 200 22 "https://sonarr.plexamh.duckdns.org/" "Mozilla/5.0 (X11; Ubuntu; Linux x86_64; rv:108.0) Gecko/20100101 Firefox/108.0"
192.168.1.37 - - [02/Jan/2023:23:28:17 +0100] "GET /api/v3/qualityprofile HTTP/2.0" 200 1116 "https://sonarr.plexamh.duckdns.org/" "Mozilla/5.0 (X11; Ubuntu; Linux x86_64; rv:108.0) Gecko/20100101 Firefox/108.0"
192.168.1.37 - - [02/Jan/2023:23:28:17 +0100] "GET /api/v3/system/status HTTP/2.0" 200 404 "https://sonarr.plexamh.duckdns.org/" "Mozilla/5.0 (X11; Ubuntu; Linux x86_64; rv:108.0) Gecko/20100101 Firefox/108.0"
192.168.1.37 - - [02/Jan/2023:23:28:17 +0100] "GET /api/v3/series HTTP/2.0" 200 953 "https://sonarr.plexamh.duckdns.org/" "Mozilla/5.0 (X11; Ubuntu; Linux x86_64; rv:108.0) Gecko/20100101 Firefox/108.0"
192.168.1.37 - - [02/Jan/2023:23:28:17 +0100] "GET /api/v3/languageprofile HTTP/2.0" 200 439 "https://sonarr.plexamh.duckdns.org/" "Mozilla/5.0 (X11; Ubuntu; Linux x86_64; rv:108.0) Gecko/20100101 Firefox/108.0"
192.168.1.37 - - [02/Jan/2023:23:28:17 +0100] "GET /Content/Images/logo.svg HTTP/2.0" 200 2364 "https://sonarr.plexamh.duckdns.org/" "Mozilla/5.0 (X11; Ubuntu; Linux x86_64; rv:108.0) Gecko/20100101 Firefox/108.0"
192.168.1.37 - - [02/Jan/2023:23:28:17 +0100] "GET /signalr/negotiate?clientProtocol=2.1&apiKey=f3834d1bc7e4426b88e36ee7021fdc07&_=1672698496744 HTTP/2.0" 200 585 "https://sonarr.plexamh.duckdns.org/" "Mozilla/5.0 (X11; Ubuntu; Linux x86_64; rv:108.0) Gecko/20100101 Firefox/108.0"
192.168.1.37 - - [02/Jan/2023:23:28:17 +0100] "GET /api/v3/health HTTP/2.0" 200 163 "https://sonarr.plexamh.duckdns.org/" "Mozilla/5.0 (X11; Ubuntu; Linux x86_64; rv:108.0) Gecko/20100101 Firefox/108.0"
192.168.1.37 - - [02/Jan/2023:23:28:17 +0100] "GET /api/v3/queue/status HTTP/2.0" 200 89 "https://sonarr.plexamh.duckdns.org/" "Mozilla/5.0 (X11; Ubuntu; Linux x86_64; rv:108.0) Gecko/20100101 Firefox/108.0"
192.168.1.37 - - [02/Jan/2023:23:28:17 +0100] "GET /Content/Images/Icons/apple-touch-icon.png?h=d+iS4xWxn2A2bjUwrERmSg HTTP/2.0" 200 3817 "https://sonarr.plexamh.duckdns.org/" "Mozilla/5.0 (X11; Ubuntu; Linux x86_64; rv:108.0) Gecko/20100101 Firefox/108.0"
192.168.1.37 - - [02/Jan/2023:23:28:17 +0100] "GET /Content/Images/Icons/favicon-16x16.png?h=wksVbPqhKGB2B5P0O0h8IQ HTTP/2.0" 200 723 "https://sonarr.plexamh.duckdns.org/" "Mozilla/5.0 (X11; Ubuntu; Linux x86_64; rv:108.0) Gecko/20100101 Firefox/108.0"
192.168.1.37 - - [02/Jan/2023:23:28:17 +0100] "GET /MediaCover/1/poster-250.jpg?lastWrite=638082842676264038 HTTP/2.0" 200 22277 "https://sonarr.plexamh.duckdns.org/" "Mozilla/5.0 (X11; Ubuntu; Linux x86_64; rv:108.0) Gecko/20100101 Firefox/108.0"
192.168.1.37 - - [02/Jan/2023:23:28:19 +0100] "GET /api/v3/queue/details HTTP/2.0" 200 6 "https://radarr.plexamh.duckdns.org/" "Mozilla/5.0 (X11; Ubuntu; Linux x86_64; rv:108.0) Gecko/20100101 Firefox/108.0"
192.168.1.37 - - [02/Jan/2023:23:28:19 +0100] "GET /api/v3/queue/details HTTP/2.0" 200 6 "https://radarr.plexamh.duckdns.org/" "Mozilla/5.0 (X11; Ubuntu; Linux x86_64; rv:108.0) Gecko/20100101 Firefox/108.0"
192.168.1.37 - - [02/Jan/2023:23:28:19 +0100] "GET /api/v3/command HTTP/2.0" 200 664 "https://radarr.plexamh.duckdns.org/" "Mozilla/5.0 (X11; Ubuntu; Linux x86_64; rv:108.0) Gecko/20100101 Firefox/108.0"
192.168.1.37 - - [02/Jan/2023:23:28:19 +0100] "GET /api/v3/command HTTP/2.0" 200 664 "https://radarr.plexamh.duckdns.org/" "Mozilla/5.0 (X11; Ubuntu; Linux x86_64; rv:108.0) Gecko/20100101 Firefox/108.0"
192.168.1.37 - - [02/Jan/2023:23:28:20 +0100] "GET /signalr/start?transport=serverSentEvents&clientProtocol=2.1&apiKey=f3834d1bc7e4426b88e36ee7021fdc07&connectionToken=U4FymNTi6q%2FaK4lNLEaj4CGnD8glVXnISPxS4c49v27n3hcvjfhCnvmTOlc9ii6V4hvtXQMSCqlzbjrLjW6LYUYb%2F4Iby1YrkIea3XZ61nai%2Fg2tEXzpKgBMAvNdyhZD1j5ogPb5TapQmgmiIv6fwSyH29pfxtO3qnPaby%2FSs2Q79HaTxKqoH4uS4QMhJicffAiJj9b562nxzTaXMco70Rh7rNihVxDw%2Fv5IVsNQhwB6%2Fm0123e%2Bh6eVS049P4qQGCqUrso5ciGL89H4SUftcynkaICJdAl2QarU1A1ldnn%2B1qTTKZ%2FPFhFlzNlEGUG4&_=1672698496745 HTTP/2.0" 200 25 "https://sonarr.plexamh.duckdns.org/" "Mozilla/5.0 (X11; Ubuntu; Linux x86_64; rv:108.0) Gecko/20100101 Firefox/108.0"
192.168.1.37 - - [02/Jan/2023:23:28:50 +0100] "GET /api/v3/command HTTP/2.0" 200 642 "https://sonarr.plexamh.duckdns.org/" "Mozilla/5.0 (X11; Ubuntu; Linux x86_64; rv:108.0) Gecko/20100101 Firefox/108.0"
192.168.1.37 - - [02/Jan/2023:23:28:50 +0100] "GET /api/v3/command HTTP/2.0" 200 636 "https://sonarr.plexamh.duckdns.org/" "Mozilla/5.0 (X11; Ubuntu; Linux x86_64; rv:108.0) Gecko/20100101 Firefox/108.0"
192.168.1.37 - - [02/Jan/2023:23:29:08 +0100] "GET / HTTP/2.0" 200 969 "-" "Mozilla/5.0 (X11; Ubuntu; Linux x86_64; rv:108.0) Gecko/20100101 Firefox/108.0"
192.168.1.37 - - [02/Jan/2023:23:29:09 +0100] "GET /initialize.js HTTP/2.0" 200 235 "https://prowlarr.plexamh.duckdns.org/" "Mozilla/5.0 (X11; Ubuntu; Linux x86_64; rv:108.0) Gecko/20100101 Firefox/108.0"
192.168.1.37 - - [02/Jan/2023:23:29:09 +0100] "GET /Content/styles.css?h=ltUmoFhqBxVfO81Qp3ifWQ HTTP/2.0" 200 22781 "https://prowlarr.plexamh.duckdns.org/" "Mozilla/5.0 (X11; Ubuntu; Linux x86_64; rv:108.0) Gecko/20100101 Firefox/108.0"
192.168.1.37 - - [02/Jan/2023:23:29:09 +0100] "GET /Content/Fonts/fonts.css?h=mBv1x1/yHnvphLclzeQIBA HTTP/2.0" 200 310 "https://prowlarr.plexamh.duckdns.org/" "Mozilla/5.0 (X11; Ubuntu; Linux x86_64; rv:108.0) Gecko/20100101 Firefox/108.0"
192.168.1.37 - - [02/Jan/2023:23:29:09 +0100] "GET /index.js?h=RzcGpY3QMdtDjZL6X3sB2w HTTP/2.0" 200 169944 "https://prowlarr.plexamh.duckdns.org/" "Mozilla/5.0 (X11; Ubuntu; Linux x86_64; rv:108.0) Gecko/20100101 Firefox/108.0"
192.168.1.37 - - [02/Jan/2023:23:29:09 +0100] "GET /vendors.js?h=q/Ww0ZvTILFbc4mnCv/X5Q HTTP/2.0" 200 627497 "https://prowlarr.plexamh.duckdns.org/" "Mozilla/5.0 (X11; Ubuntu; Linux x86_64; rv:108.0) Gecko/20100101 Firefox/108.0"
192.168.1.37 - - [02/Jan/2023:23:29:09 +0100] "GET /initialize.js HTTP/2.0" 200 235 "-" "Mozilla/5.0 (X11; Ubuntu; Linux x86_64; rv:108.0) Gecko/20100101 Firefox/108.0"
192.168.1.37 - - [02/Jan/2023:23:29:09 +0100] "GET /index.js?h=RzcGpY3QMdtDjZL6X3sB2w HTTP/2.0" 200 169944 "-" "Mozilla/5.0 (X11; Ubuntu; Linux x86_64; rv:108.0) Gecko/20100101 Firefox/108.0"
192.168.1.37 - - [02/Jan/2023:23:29:09 +0100] "GET /vendors.js?h=q/Ww0ZvTILFbc4mnCv/X5Q HTTP/2.0" 200 627497 "-" "Mozilla/5.0 (X11; Ubuntu; Linux x86_64; rv:108.0) Gecko/20100101 Firefox/108.0"
192.168.1.37 - - [02/Jan/2023:23:29:09 +0100] "GET /api/v1/localization HTTP/2.0" 200 8746 "https://prowlarr.plexamh.duckdns.org/" "Mozilla/5.0 (X11; Ubuntu; Linux x86_64; rv:108.0) Gecko/20100101 Firefox/108.0"
192.168.1.37 - - [02/Jan/2023:23:29:10 +0100] "GET /api/v1/customFilter HTTP/2.0" 200 6 "https://prowlarr.plexamh.duckdns.org/" "Mozilla/5.0 (X11; Ubuntu; Linux x86_64; rv:108.0) Gecko/20100101 Firefox/108.0"
192.168.1.37 - - [02/Jan/2023:23:29:10 +0100] "GET /api/v1/tag HTTP/2.0" 200 6 "https://prowlarr.plexamh.duckdns.org/" "Mozilla/5.0 (X11; Ubuntu; Linux x86_64; rv:108.0) Gecko/20100101 Firefox/108.0"
192.168.1.37 - - [02/Jan/2023:23:29:10 +0100] "GET /api/v1/appprofile HTTP/2.0" 200 126 "https://prowlarr.plexamh.duckdns.org/" "Mozilla/5.0 (X11; Ubuntu; Linux x86_64; rv:108.0) Gecko/20100101 Firefox/108.0"
192.168.1.37 - - [02/Jan/2023:23:29:10 +0100] "GET /api/v1/indexer/categories HTTP/2.0" 200 1002 "https://prowlarr.plexamh.duckdns.org/" "Mozilla/5.0 (X11; Ubuntu; Linux x86_64; rv:108.0) Gecko/20100101 Firefox/108.0"
192.168.1.37 - - [02/Jan/2023:23:29:10 +0100] "GET /api/v1/indexer HTTP/2.0" 200 4262 "https://prowlarr.plexamh.duckdns.org/" "Mozilla/5.0 (X11; Ubuntu; Linux x86_64; rv:108.0) Gecko/20100101 Firefox/108.0"
192.168.1.37 - - [02/Jan/2023:23:29:10 +0100] "GET /api/v1/indexerStatus HTTP/2.0" 200 6 "https://prowlarr.plexamh.duckdns.org/" "Mozilla/5.0 (X11; Ubuntu; Linux x86_64; rv:108.0) Gecko/20100101 Firefox/108.0"
192.168.1.37 - - [02/Jan/2023:23:29:10 +0100] "GET /Content/Images/Icons/favicon-32x32.png?h=lmqCw7GaBq+Sl0mzceEopQ HTTP/2.0" 200 2437 "https://prowlarr.plexamh.duckdns.org/" "Mozilla/5.0 (X11; Ubuntu; Linux x86_64; rv:108.0) Gecko/20100101 Firefox/108.0"
192.168.1.37 - - [02/Jan/2023:23:29:10 +0100] "GET /Content/Fonts/Roboto-Regular.woff2?v=1.3.0 HTTP/2.0" 200 63412 "https://prowlarr.plexamh.duckdns.org/Content/Fonts/fonts.css?h=mBv1x1/yHnvphLclzeQIBA" "Mozilla/5.0 (X11; Ubuntu; Linux x86_64; rv:108.0) Gecko/20100101 Firefox/108.0"
192.168.1.37 - - [02/Jan/2023:23:29:10 +0100] "GET /Content/Fonts/Roboto-Light.woff2?v=1.3.0 HTTP/2.0" 200 62832 "https://prowlarr.plexamh.duckdns.org/Content/Fonts/fonts.css?h=mBv1x1/yHnvphLclzeQIBA" "Mozilla/5.0 (X11; Ubuntu; Linux x86_64; rv:108.0) Gecko/20100101 Firefox/108.0"
192.168.1.37 - - [02/Jan/2023:23:29:10 +0100] "GET /api/v1/config/ui HTTP/2.0" 200 215 "https://prowlarr.plexamh.duckdns.org/" "Mozilla/5.0 (X11; Ubuntu; Linux x86_64; rv:108.0) Gecko/20100101 Firefox/108.0"
192.168.1.37 - - [02/Jan/2023:23:29:10 +0100] "GET /api/v1/config/host HTTP/2.0" 200 542 "https://prowlarr.plexamh.duckdns.org/" "Mozilla/5.0 (X11; Ubuntu; Linux x86_64; rv:108.0) Gecko/20100101 Firefox/108.0"
192.168.1.37 - - [02/Jan/2023:23:29:10 +0100] "GET /api/v1/system/status HTTP/2.0" 200 472 "https://prowlarr.plexamh.duckdns.org/" "Mozilla/5.0 (X11; Ubuntu; Linux x86_64; rv:108.0) Gecko/20100101 Firefox/108.0"
192.168.1.37 - - [02/Jan/2023:23:29:10 +0100] "GET /Content/Images/logo.png HTTP/2.0" 200 90797 "https://prowlarr.plexamh.duckdns.org/" "Mozilla/5.0 (X11; Ubuntu; Linux x86_64; rv:108.0) Gecko/20100101 Firefox/108.0"
192.168.1.37 - - [02/Jan/2023:23:29:10 +0100] "POST /signalr/messages/negotiate?access_token=2696768fef6e401fb0f565321cfca59b&negotiateVersion=1 HTTP/2.0" 200 219 "https://prowlarr.plexamh.duckdns.org/" "Mozilla/5.0 (X11; Ubuntu; Linux x86_64; rv:108.0) Gecko/20100101 Firefox/108.0"
192.168.1.37 - - [02/Jan/2023:23:29:10 +0100] "GET /api/v1/health HTTP/2.0" 200 6 "https://prowlarr.plexamh.duckdns.org/" "Mozilla/5.0 (X11; Ubuntu; Linux x86_64; rv:108.0) Gecko/20100101 Firefox/108.0"
192.168.1.37 - - [02/Jan/2023:23:29:10 +0100] "GET /Content/Images/Icons/favicon-16x16.png?h=eoRdw1mTmIIEK5L0pTH5mw HTTP/2.0" 200 1214 "https://prowlarr.plexamh.duckdns.org/" "Mozilla/5.0 (X11; Ubuntu; Linux x86_64; rv:108.0) Gecko/20100101 Firefox/108.0"
192.168.1.37 - - [02/Jan/2023:23:29:10 +0100] "GET /Content/Images/Icons/apple-touch-icon.png?h=6OFTjFECz9UsB7H/TlShUg HTTP/2.0" 200 22026 "https://prowlarr.plexamh.duckdns.org/" "Mozilla/5.0 (X11; Ubuntu; Linux x86_64; rv:108.0) Gecko/20100101 Firefox/108.0"
192.168.1.37 - - [02/Jan/2023:23:29:18 +0100] "GET /api/v1/appprofile HTTP/2.0" 200 126 "https://prowlarr.plexamh.duckdns.org/settings/applications" "Mozilla/5.0 (X11; Ubuntu; Linux x86_64; rv:108.0) Gecko/20100101 Firefox/108.0"
192.168.1.37 - - [02/Jan/2023:23:29:18 +0100] "GET /api/v1/applications HTTP/2.0" 200 4635 "https://prowlarr.plexamh.duckdns.org/settings/applications" "Mozilla/5.0 (X11; Ubuntu; Linux x86_64; rv:108.0) Gecko/20100101 Firefox/108.0"
192.168.1.37 - - [02/Jan/2023:23:29:27 +0100] "GET /api/v1/applications/schema HTTP/2.0" 200 13135 "https://prowlarr.plexamh.duckdns.org/settings/applications" "Mozilla/5.0 (X11; Ubuntu; Linux x86_64; rv:108.0) Gecko/20100101 Firefox/108.0"
192.168.1.37 - - [02/Jan/2023:23:29:49 +0100] "GET /api/v3/queue/details HTTP/2.0" 200 6 "https://radarr.plexamh.duckdns.org/" "Mozilla/5.0 (X11; Ubuntu; Linux x86_64; rv:108.0) Gecko/20100101 Firefox/108.0"
192.168.1.37 - - [02/Jan/2023:23:29:49 +0100] "GET /api/v3/command HTTP/2.0" 200 764 "https://radarr.plexamh.duckdns.org/" "Mozilla/5.0 (X11; Ubuntu; Linux x86_64; rv:108.0) Gecko/20100101 Firefox/108.0"
192.168.1.37 - - [02/Jan/2023:23:29:49 +0100] "GET /api/v3/queue/details HTTP/2.0" 200 6 "https://radarr.plexamh.duckdns.org/" "Mozilla/5.0 (X11; Ubuntu; Linux x86_64; rv:108.0) Gecko/20100101 Firefox/108.0"
192.168.1.37 - - [02/Jan/2023:23:29:49 +0100] "GET /api/v3/command HTTP/2.0" 200 743 "https://radarr.plexamh.duckdns.org/" "Mozilla/5.0 (X11; Ubuntu; Linux x86_64; rv:108.0) Gecko/20100101 Firefox/108.0"
192.168.1.37 - - [02/Jan/2023:23:30:06 +0100] "GET /api/v3/config/host HTTP/2.0" 200 457 "https://radarr.plexamh.duckdns.org/settings/general" "Mozilla/5.0 (X11; Ubuntu; Linux x86_64; rv:108.0) Gecko/20100101 Firefox/108.0"
192.168.1.37 - - [02/Jan/2023:23:30:10 +0100] "POST /api/v1/applications/test HTTP/2.0" 400 323 "https://prowlarr.plexamh.duckdns.org/settings/applications" "Mozilla/5.0 (X11; Ubuntu; Linux x86_64; rv:108.0) Gecko/20100101 Firefox/108.0"
192.168.1.37 - - [02/Jan/2023:23:30:20 +0100] "GET /api/v3/command HTTP/2.0" 200 735 "https://sonarr.plexamh.duckdns.org/" "Mozilla/5.0 (X11; Ubuntu; Linux x86_64; rv:108.0) Gecko/20100101 Firefox/108.0"
172.19.0.1 - - [02/Jan/2023:23:30:22 +0100] "GET /api/v3/indexer/schema HTTP/1.1" 200 29637 "-" "Prowlarr/1.0.0.2171 (alpine 3.17.0)"
172.19.0.1 - - [02/Jan/2023:23:30:23 +0100] "GET /0/api?t=caps&apikey=2696768fef6e401fb0f565321cfca59b HTTP/1.1" 200 3982 "-" "Radarr/4.2.4.6635 (linuxmusl )"
172.19.0.1 - - [02/Jan/2023:23:30:23 +0100] "GET /0/api?t=movie&cat=2000,2010,2020,2030,2040,2045,2050,2060,2070,2080&extended=1&apikey=2696768fef6e401fb0f565321cfca59b&offset=0&limit=100 HTTP/1.1" 200 906 "-" "Radarr/4.2.4.6635 (linuxmusl )"
172.19.0.1 - - [02/Jan/2023:23:30:23 +0100] "POST /api/v3/indexer/test HTTP/1.1" 200 16 "-" "Prowlarr/1.0.0.2171 (alpine 3.17.0)"
192.168.1.37 - - [02/Jan/2023:23:30:23 +0100] "POST /api/v1/applications/test HTTP/2.0" 200 6 "https://prowlarr.plexamh.duckdns.org/settings/applications" "Mozilla/5.0 (X11; Ubuntu; Linux x86_64; rv:108.0) Gecko/20100101 Firefox/108.0"
172.19.0.1 - - [02/Jan/2023:23:30:25 +0100] "GET /0/api?t=movie&cat=2000,2010,2020,2030,2040,2045,2050,2060,2070,2080&extended=1&apikey=2696768fef6e401fb0f565321cfca59b&offset=0&limit=100 HTTP/1.1" 200 906 "-" "Radarr/4.2.4.6635 (linuxmusl )"
172.19.0.1 - - [02/Jan/2023:23:30:25 +0100] "POST /api/v3/indexer/test HTTP/1.1" 200 21 "-" "Prowlarr/1.0.0.2171 (alpine 3.17.0)"
172.19.0.1 - - [02/Jan/2023:23:30:25 +0100] "GET /api/v3/indexer HTTP/1.1" 200 4096 "-" "Prowlarr/1.0.0.2171 (alpine 3.17.0)"
192.168.1.37 - - [02/Jan/2023:23:30:25 +0100] "POST /api/v1/applications? HTTP/2.0" 201 1828 "https://prowlarr.plexamh.duckdns.org/settings/applications" "Mozilla/5.0 (X11; Ubuntu; Linux x86_64; rv:108.0) Gecko/20100101 Firefox/108.0"
172.19.0.1 - - [02/Jan/2023:23:30:25 +0100] "GET /api/v3/indexer/2 HTTP/1.1" 200 1825 "-" "Prowlarr/1.0.0.2171 (alpine 3.17.0)"
172.19.0.1 - - [02/Jan/2023:23:30:26 +0100] "GET /2/api?t=caps&apikey=2696768fef6e401fb0f565321cfca59b HTTP/1.1" 200 1377 "-" "Radarr/4.2.4.6635 (linuxmusl )"
192.168.1.37 - - [02/Jan/2023:23:30:26 +0100] "GET /api/v1/indexerStatus HTTP/2.0" 200 6 "https://prowlarr.plexamh.duckdns.org/settings/applications" "Mozilla/5.0 (X11; Ubuntu; Linux x86_64; rv:108.0) Gecko/20100101 Firefox/108.0"
172.19.0.1 - - [02/Jan/2023:23:30:26 +0100] "GET /2/api?t=movie&cat=2000&extended=1&apikey=2696768fef6e401fb0f565321cfca59b&offset=0&limit=100 HTTP/1.1" 200 36919 "-" "Radarr/4.2.4.6635 (linuxmusl )"
192.168.1.37 - - [02/Jan/2023:23:30:26 +0100] "GET /api/v1/health HTTP/2.0" 200 6 "https://prowlarr.plexamh.duckdns.org/settings/applications" "Mozilla/5.0 (X11; Ubuntu; Linux x86_64; rv:108.0) Gecko/20100101 Firefox/108.0"
192.168.1.37 - - [02/Jan/2023:23:30:26 +0100] "GET /api/v3/health HTTP/2.0" 200 170 "https://radarr.plexamh.duckdns.org/settings/general" "Mozilla/5.0 (X11; Ubuntu; Linux x86_64; rv:108.0) Gecko/20100101 Firefox/108.0"
172.19.0.1 - - [02/Jan/2023:23:30:26 +0100] "PUT /api/v3/indexer/2 HTTP/1.1" 202 1832 "-" "Prowlarr/1.0.0.2171 (alpine 3.17.0)"
172.19.0.1 - - [02/Jan/2023:23:30:26 +0100] "GET /api/v3/indexer/3 HTTP/1.1" 200 1829 "-" "Prowlarr/1.0.0.2171 (alpine 3.17.0)"
172.19.0.1 - - [02/Jan/2023:23:30:26 +0100] "GET /4/api?t=caps&apikey=2696768fef6e401fb0f565321cfca59b HTTP/1.1" 200 943 "-" "Radarr/4.2.4.6635 (linuxmusl )"
192.168.1.37 - - [02/Jan/2023:23:30:28 +0100] "GET /api/v1/applications/schema HTTP/2.0" 200 13135 "https://prowlarr.plexamh.duckdns.org/settings/applications" "Mozilla/5.0 (X11; Ubuntu; Linux x86_64; rv:108.0) Gecko/20100101 Firefox/108.0"
172.19.0.1 - - [02/Jan/2023:23:30:34 +0100] "GET /4/api?t=movie&cat=2000&extended=1&apikey=2696768fef6e401fb0f565321cfca59b&offset=0&limit=100 HTTP/1.1" 200 19082 "-" "Radarr/4.2.4.6635 (linuxmusl )"
192.168.1.37 - - [02/Jan/2023:23:30:34 +0100] "GET /api/v1/indexerStatus HTTP/2.0" 200 6 "https://prowlarr.plexamh.duckdns.org/settings/applications" "Mozilla/5.0 (X11; Ubuntu; Linux x86_64; rv:108.0) Gecko/20100101 Firefox/108.0"
172.19.0.1 - - [02/Jan/2023:23:30:34 +0100] "PUT /api/v3/indexer/3 HTTP/1.1" 202 1840 "-" "Prowlarr/1.0.0.2171 (alpine 3.17.0)"
192.168.1.37 - - [02/Jan/2023:23:30:34 +0100] "GET /api/v1/health HTTP/2.0" 200 6 "https://prowlarr.plexamh.duckdns.org/settings/applications" "Mozilla/5.0 (X11; Ubuntu; Linux x86_64; rv:108.0) Gecko/20100101 Firefox/108.0"
172.19.0.1 - - [02/Jan/2023:23:30:34 +0100] "GET /api/v3/indexer/4 HTTP/1.1" 200 1829 "-" "Prowlarr/1.0.0.2171 (alpine 3.17.0)"
192.168.1.37 - - [02/Jan/2023:23:30:34 +0100] "GET /api/v3/health HTTP/2.0" 200 170 "https://radarr.plexamh.duckdns.org/settings/general" "Mozilla/5.0 (X11; Ubuntu; Linux x86_64; rv:108.0) Gecko/20100101 Firefox/108.0"
172.19.0.1 - - [02/Jan/2023:23:30:34 +0100] "GET /5/api?t=caps&apikey=2696768fef6e401fb0f565321cfca59b HTTP/1.1" 200 1262 "-" "Radarr/4.2.4.6635 (linuxmusl )"
172.19.0.1 - - [02/Jan/2023:23:30:37 +0100] "GET /5/api?t=movie&cat=2000&extended=1&apikey=2696768fef6e401fb0f565321cfca59b&offset=0&limit=100 HTTP/1.1" 200 9741 "-" "Radarr/4.2.4.6635 (linuxmusl )"
172.19.0.1 - - [02/Jan/2023:23:30:37 +0100] "PUT /api/v3/indexer/4 HTTP/1.1" 202 1831 "-" "Prowlarr/1.0.0.2171 (alpine 3.17.0)"
192.168.1.37 - - [02/Jan/2023:23:30:37 +0100] "GET /api/v1/indexerStatus HTTP/2.0" 200 6 "https://prowlarr.plexamh.duckdns.org/settings/applications" "Mozilla/5.0 (X11; Ubuntu; Linux x86_64; rv:108.0) Gecko/20100101 Firefox/108.0"
192.168.1.37 - - [02/Jan/2023:23:30:37 +0100] "GET /api/v1/health HTTP/2.0" 200 6 "https://prowlarr.plexamh.duckdns.org/settings/applications" "Mozilla/5.0 (X11; Ubuntu; Linux x86_64; rv:108.0) Gecko/20100101 Firefox/108.0"
192.168.1.37 - - [02/Jan/2023:23:30:37 +0100] "GET /api/v3/health HTTP/2.0" 200 170 "https://radarr.plexamh.duckdns.org/settings/general" "Mozilla/5.0 (X11; Ubuntu; Linux x86_64; rv:108.0) Gecko/20100101 Firefox/108.0"
192.168.1.37 - - [02/Jan/2023:23:30:50 +0100] "GET /api/v3/command HTTP/2.0" 200 823 "https://sonarr.plexamh.duckdns.org/" "Mozilla/5.0 (X11; Ubuntu; Linux x86_64; rv:108.0) Gecko/20100101 Firefox/108.0"
192.168.1.37 - - [02/Jan/2023:23:30:57 +0100] "GET /api/v3/command HTTP/2.0" 200 816 "https://sonarr.plexamh.duckdns.org/" "Mozilla/5.0 (X11; Ubuntu; Linux x86_64; rv:108.0) Gecko/20100101 Firefox/108.0"
192.168.1.37 - - [02/Jan/2023:23:31:04 +0100] "GET /api/v3/config/host HTTP/2.0" 200 398 "https://sonarr.plexamh.duckdns.org/settings/general" "Mozilla/5.0 (X11; Ubuntu; Linux x86_64; rv:108.0) Gecko/20100101 Firefox/108.0"
192.168.1.37 - - [02/Jan/2023:23:31:09 +0100] "POST /api/v1/applications/test HTTP/2.0" 400 323 "https://prowlarr.plexamh.duckdns.org/settings/applications" "Mozilla/5.0 (X11; Ubuntu; Linux x86_64; rv:108.0) Gecko/20100101 Firefox/108.0"
172.19.0.1 - - [02/Jan/2023:23:31:18 +0100] "GET /api/v3/indexer/schema HTTP/1.1" 200 3877 "-" "Prowlarr/1.0.0.2171 (alpine 3.17.0)"
172.19.0.1 - - [02/Jan/2023:23:31:18 +0100] "GET /0/api?t=caps&apikey=2696768fef6e401fb0f565321cfca59b HTTP/1.1" 200 3982 "-" "Sonarr/3.0.9.1549 (ubuntu 20.04)"
172.19.0.1 - - [02/Jan/2023:23:31:18 +0100] "GET /0/api?t=tvsearch&cat=5000,5010,5020,5030,5040,5045,5050,5070&extended=1&apikey=2696768fef6e401fb0f565321cfca59b&offset=0&limit=100 HTTP/1.1" 200 906 "-" "Sonarr/3.0.9.1549 (ubuntu 20.04)"
172.19.0.1 - - [02/Jan/2023:23:31:18 +0100] "POST /api/v3/indexer/test HTTP/1.1" 200 33 "-" "Prowlarr/1.0.0.2171 (alpine 3.17.0)"
192.168.1.37 - - [02/Jan/2023:23:31:18 +0100] "POST /api/v1/applications/test HTTP/2.0" 200 6 "https://prowlarr.plexamh.duckdns.org/settings/applications" "Mozilla/5.0 (X11; Ubuntu; Linux x86_64; rv:108.0) Gecko/20100101 Firefox/108.0"
192.168.1.37 - - [02/Jan/2023:23:31:19 +0100] "GET /api/v3/queue/details HTTP/2.0" 200 6 "https://radarr.plexamh.duckdns.org/settings/general" "Mozilla/5.0 (X11; Ubuntu; Linux x86_64; rv:108.0) Gecko/20100101 Firefox/108.0"
192.168.1.37 - - [02/Jan/2023:23:31:19 +0100] "GET /api/v3/command HTTP/2.0" 200 851 "https://radarr.plexamh.duckdns.org/settings/general" "Mozilla/5.0 (X11; Ubuntu; Linux x86_64; rv:108.0) Gecko/20100101 Firefox/108.0"
192.168.1.37 - - [02/Jan/2023:23:31:19 +0100] "GET /api/v3/queue/details HTTP/2.0" 200 6 "https://radarr.plexamh.duckdns.org/settings/general" "Mozilla/5.0 (X11; Ubuntu; Linux x86_64; rv:108.0) Gecko/20100101 Firefox/108.0"
192.168.1.37 - - [02/Jan/2023:23:31:19 +0100] "GET /api/v3/command HTTP/2.0" 200 822 "https://radarr.plexamh.duckdns.org/settings/general" "Mozilla/5.0 (X11; Ubuntu; Linux x86_64; rv:108.0) Gecko/20100101 Firefox/108.0"
172.19.0.1 - - [02/Jan/2023:23:31:20 +0100] "GET /0/api?t=tvsearch&cat=5000,5010,5020,5030,5040,5045,5050,5070&extended=1&apikey=2696768fef6e401fb0f565321cfca59b&offset=0&limit=100 HTTP/1.1" 200 906 "-" "Sonarr/3.0.9.1549 (ubuntu 20.04)"
172.19.0.1 - - [02/Jan/2023:23:31:20 +0100] "POST /api/v3/indexer/test HTTP/1.1" 200 33 "-" "Prowlarr/1.0.0.2171 (alpine 3.17.0)"
192.168.1.37 - - [02/Jan/2023:23:31:20 +0100] "POST /api/v1/applications? HTTP/2.0" 201 2880 "https://prowlarr.plexamh.duckdns.org/settings/applications" "Mozilla/5.0 (X11; Ubuntu; Linux x86_64; rv:108.0) Gecko/20100101 Firefox/108.0"
172.19.0.1 - - [02/Jan/2023:23:31:20 +0100] "GET /api/v3/indexer HTTP/1.1" 200 990 "-" "Prowlarr/1.0.0.2171 (alpine 3.17.0)"
172.19.0.1 - - [02/Jan/2023:23:31:20 +0100] "GET /api/v3/indexer/2 HTTP/1.1" 200 868 "-" "Prowlarr/1.0.0.2171 (alpine 3.17.0)"
172.19.0.1 - - [02/Jan/2023:23:31:20 +0100] "GET /2/api?t=caps&apikey=2696768fef6e401fb0f565321cfca59b HTTP/1.1" 200 1377 "-" "Sonarr/3.0.9.1549 (ubuntu 20.04)"
172.19.0.1 - - [02/Jan/2023:23:31:20 +0100] "GET /2/api?t=tvsearch&cat=5000,5070&extended=1&apikey=2696768fef6e401fb0f565321cfca59b&offset=0&limit=100 HTTP/1.1" 200 31583 "-" "Sonarr/3.0.9.1549 (ubuntu 20.04)"
172.19.0.1 - - [02/Jan/2023:23:31:20 +0100] "PUT /api/v3/indexer/2 HTTP/1.1" 202 878 "-" "Prowlarr/1.0.0.2171 (alpine 3.17.0)"
172.19.0.1 - - [02/Jan/2023:23:31:20 +0100] "GET /api/v3/indexer/3 HTTP/1.1" 200 872 "-" "Prowlarr/1.0.0.2171 (alpine 3.17.0)"
192.168.1.37 - - [02/Jan/2023:23:31:20 +0100] "GET /api/v3/health HTTP/2.0" 200 163 "https://sonarr.plexamh.duckdns.org/settings/general" "Mozilla/5.0 (X11; Ubuntu; Linux x86_64; rv:108.0) Gecko/20100101 Firefox/108.0"
172.19.0.1 - - [02/Jan/2023:23:31:20 +0100] "GET /4/api?t=caps&apikey=2696768fef6e401fb0f565321cfca59b HTTP/1.1" 200 943 "-" "Sonarr/3.0.9.1549 (ubuntu 20.04)"
192.168.1.37 - - [02/Jan/2023:23:31:20 +0100] "GET /api/v3/command HTTP/2.0" 200 906 "https://sonarr.plexamh.duckdns.org/settings/general" "Mozilla/5.0 (X11; Ubuntu; Linux x86_64; rv:108.0) Gecko/20100101 Firefox/108.0"
192.168.1.37 - - [02/Jan/2023:23:31:20 +0100] "GET /api/v3/command HTTP/2.0" 200 906 "https://sonarr.plexamh.duckdns.org/settings/general" "Mozilla/5.0 (X11; Ubuntu; Linux x86_64; rv:108.0) Gecko/20100101 Firefox/108.0"
172.19.0.1 - - [02/Jan/2023:23:31:26 +0100] "GET /4/api?t=tvsearch&cat=5000,5070&extended=1&apikey=2696768fef6e401fb0f565321cfca59b&offset=0&limit=100 HTTP/1.1" 200 98796 "-" "Sonarr/3.0.9.1549 (ubuntu 20.04)"
172.19.0.1 - - [02/Jan/2023:23:31:26 +0100] "PUT /api/v3/indexer/3 HTTP/1.1" 202 883 "-" "Prowlarr/1.0.0.2171 (alpine 3.17.0)"
192.168.1.37 - - [02/Jan/2023:23:31:26 +0100] "GET /api/v3/health HTTP/2.0" 200 163 "https://sonarr.plexamh.duckdns.org/settings/general" "Mozilla/5.0 (X11; Ubuntu; Linux x86_64; rv:108.0) Gecko/20100101 Firefox/108.0"
172.19.0.1 - - [02/Jan/2023:23:31:27 +0100] "GET /api/v3/indexer/4 HTTP/1.1" 200 865 "-" "Prowlarr/1.0.0.2171 (alpine 3.17.0)"
172.19.0.1 - - [02/Jan/2023:23:31:27 +0100] "GET /5/api?t=caps&apikey=2696768fef6e401fb0f565321cfca59b HTTP/1.1" 200 1262 "-" "Sonarr/3.0.9.1549 (ubuntu 20.04)"
172.19.0.1 - - [02/Jan/2023:23:31:27 +0100] "GET /5/api?t=tvsearch&cat=5000,5070&extended=1&apikey=2696768fef6e401fb0f565321cfca59b&offset=0&limit=100 HTTP/1.1" 200 70701 "-" "Sonarr/3.0.9.1549 (ubuntu 20.04)"
172.19.0.1 - - [02/Jan/2023:23:31:27 +0100] "PUT /api/v3/indexer/4 HTTP/1.1" 202 878 "-" "Prowlarr/1.0.0.2171 (alpine 3.17.0)"
192.168.1.37 - - [02/Jan/2023:23:31:27 +0100] "GET /api/v3/health HTTP/2.0" 200 163 "https://sonarr.plexamh.duckdns.org/settings/general" "Mozilla/5.0 (X11; Ubuntu; Linux x86_64; rv:108.0) Gecko/20100101 Firefox/108.0"
192.168.1.37 - - [02/Jan/2023:23:31:43 +0100] "GET / HTTP/2.0" 200 1345 "-" "Mozilla/5.0 (X11; Ubuntu; Linux x86_64; rv:108.0) Gecko/20100101 Firefox/108.0"
192.168.1.37 - - [02/Jan/2023:23:31:43 +0100] "GET /favicon.ico HTTP/2.0" 200 1345 "https://overser.plexamh.duckdns.org/" "Mozilla/5.0 (X11; Ubuntu; Linux x86_64; rv:108.0) Gecko/20100101 Firefox/108.0"
192.168.1.37 - - [02/Jan/2023:23:32:04 +0100] "GET / HTTP/2.0" 200 1345 "-" "Mozilla/5.0 (X11; Ubuntu; Linux x86_64; rv:108.0) Gecko/20100101 Firefox/108.0"
192.168.1.37 - - [02/Jan/2023:23:32:04 +0100] "GET /favicon.ico HTTP/2.0" 200 1345 "https://overseer.plexamh.duckdns.org/" "Mozilla/5.0 (X11; Ubuntu; Linux x86_64; rv:108.0) Gecko/20100101 Firefox/108.0"
192.168.1.37 - - [02/Jan/2023:23:32:19 +0100] "GET /api/v3/command HTTP/2.0" 200 745 "https://radarr.plexamh.duckdns.org/settings/general" "Mozilla/5.0 (X11; Ubuntu; Linux x86_64; rv:108.0) Gecko/20100101 Firefox/108.0"
192.168.1.37 - - [02/Jan/2023:23:32:20 +0100] "GET /api/v3/command HTTP/2.0" 200 819 "https://sonarr.plexamh.duckdns.org/settings/general" "Mozilla/5.0 (X11; Ubuntu; Linux x86_64; rv:108.0) Gecko/20100101 Firefox/108.0"
192.168.1.37 - - [02/Jan/2023:23:33:46 +0100] "GET /signalr/reconnect?transport=serverSentEvents&messageId=d-812639D8-B%2C25%7CE%2C2&clientProtocol=2.1&apiKey=f3834d1bc7e4426b88e36ee7021fdc07&connectionToken=U4FymNTi6q%2FaK4lNLEaj4CGnD8glVXnISPxS4c49v27n3hcvjfhCnvmTOlc9ii6V4hvtXQMSCqlzbjrLjW6LYUYb%2F4Iby1YrkIea3XZ61nai%2Fg2tEXzpKgBMAvNdyhZD1j5ogPb5TapQmgmiIv6fwSyH29pfxtO3qnPaby%2FSs2Q79HaTxKqoH4uS4QMhJicffAiJj9b562nxzTaXMco70Rh7rNihVxDw%2Fv5IVsNQhwB6%2Fm0123e%2Bh6eVS049P4qQGCqUrso5ciGL89H4SUftcynkaICJdAl2QarU1A1ldnn%2B1qTTKZ%2FPFhFlzNlEGUG4&tid=7 HTTP/2.0" 502 150 "https://sonarr.plexamh.duckdns.org/settings/general" "Mozilla/5.0 (X11; Ubuntu; Linux x86_64; rv:108.0) Gecko/20100101 Firefox/108.0"
192.168.1.37 - - [02/Jan/2023:23:33:49 +0100] "GET /api/v3/health HTTP/2.0" 200 22 "https://sonarr.plexamh.duckdns.org/settings/general" "Mozilla/5.0 (X11; Ubuntu; Linux x86_64; rv:108.0) Gecko/20100101 Firefox/108.0"
192.168.1.37 - - [02/Jan/2023:23:33:49 +0100] "GET /api/v3/queue/status HTTP/2.0" 200 89 "https://sonarr.plexamh.duckdns.org/settings/general" "Mozilla/5.0 (X11; Ubuntu; Linux x86_64; rv:108.0) Gecko/20100101 Firefox/108.0"
192.168.1.37 - - [02/Jan/2023:23:33:49 +0100] "GET /api/v3/command HTTP/2.0" 200 22 "https://sonarr.plexamh.duckdns.org/settings/general" "Mozilla/5.0 (X11; Ubuntu; Linux x86_64; rv:108.0) Gecko/20100101 Firefox/108.0"
192.168.1.37 - - [02/Jan/2023:23:33:49 +0100] "GET /api/v3/series HTTP/2.0" 200 953 "https://sonarr.plexamh.duckdns.org/settings/general" "Mozilla/5.0 (X11; Ubuntu; Linux x86_64; rv:108.0) Gecko/20100101 Firefox/108.0"
192.168.1.37 - - [02/Jan/2023:23:33:50 +0100] "GET /api/v3/health HTTP/2.0" 200 163 "https://sonarr.plexamh.duckdns.org/settings/general" "Mozilla/5.0 (X11; Ubuntu; Linux x86_64; rv:108.0) Gecko/20100101 Firefox/108.0"
192.168.1.37 - - [02/Jan/2023:23:33:51 +0100] "POST /signalr/messages/negotiate?access_token=897659bf2747415b98aa3120c5f8f363&negotiateVersion=1 HTTP/2.0" 200 214 "https://radarr.plexamh.duckdns.org/settings/general" "Mozilla/5.0 (X11; Ubuntu; Linux x86_64; rv:108.0) Gecko/20100101 Firefox/108.0"
192.168.1.37 - - [02/Jan/2023:23:33:51 +0100] "GET /api/v3/health HTTP/2.0" 200 170 "https://radarr.plexamh.duckdns.org/settings/general" "Mozilla/5.0 (X11; Ubuntu; Linux x86_64; rv:108.0) Gecko/20100101 Firefox/108.0"
192.168.1.37 - - [02/Jan/2023:23:33:51 +0100] "GET /api/v3/queue/status HTTP/2.0" 200 107 "https://radarr.plexamh.duckdns.org/settings/general" "Mozilla/5.0 (X11; Ubuntu; Linux x86_64; rv:108.0) Gecko/20100101 Firefox/108.0"
192.168.1.37 - - [02/Jan/2023:23:33:51 +0100] "GET /api/v3/command HTTP/2.0" 200 6 "https://radarr.plexamh.duckdns.org/settings/general" "Mozilla/5.0 (X11; Ubuntu; Linux x86_64; rv:108.0) Gecko/20100101 Firefox/108.0"
192.168.1.37 - - [02/Jan/2023:23:33:51 +0100] "GET /api/v3/movie HTTP/2.0" 200 1749 "https://radarr.plexamh.duckdns.org/settings/general" "Mozilla/5.0 (X11; Ubuntu; Linux x86_64; rv:108.0) Gecko/20100101 Firefox/108.0"
192.168.1.37 - - [02/Jan/2023:23:33:51 +0100] "POST /signalr/messages/negotiate?access_token=2696768fef6e401fb0f565321cfca59b&negotiateVersion=1 HTTP/2.0" 200 215 "https://prowlarr.plexamh.duckdns.org/settings/applications" "Mozilla/5.0 (X11; Ubuntu; Linux x86_64; rv:108.0) Gecko/20100101 Firefox/108.0"
192.168.1.37 - - [02/Jan/2023:23:33:51 +0100] "GET /api/v1/health HTTP/2.0" 200 6 "https://prowlarr.plexamh.duckdns.org/settings/applications" "Mozilla/5.0 (X11; Ubuntu; Linux x86_64; rv:108.0) Gecko/20100101 Firefox/108.0"
192.168.1.37 - - [02/Jan/2023:23:33:51 +0100] "GET /api/v1/command HTTP/2.0" 200 6 "https://prowlarr.plexamh.duckdns.org/settings/applications" "Mozilla/5.0 (X11; Ubuntu; Linux x86_64; rv:108.0) Gecko/20100101 Firefox/108.0"
192.168.1.37 - - [02/Jan/2023:23:33:51 +0100] "GET /api/v1/indexer HTTP/2.0" 200 4262 "https://prowlarr.plexamh.duckdns.org/settings/applications" "Mozilla/5.0 (X11; Ubuntu; Linux x86_64; rv:108.0) Gecko/20100101 Firefox/108.0"
192.168.1.37 - - [02/Jan/2023:23:33:56 +0100] "GET / HTTP/2.0" 304 0 "-" "Mozilla/5.0 (X11; Ubuntu; Linux x86_64; rv:108.0) Gecko/20100101 Firefox/108.0"
192.168.1.37 - - [02/Jan/2023:23:34:00 +0100] "GET /signalr/reconnect?transport=serverSentEvents&messageId=d-812639D8-B%2C25%7CE%2C2&clientProtocol=2.1&apiKey=f3834d1bc7e4426b88e36ee7021fdc07&connectionToken=U4FymNTi6q%2FaK4lNLEaj4CGnD8glVXnISPxS4c49v27n3hcvjfhCnvmTOlc9ii6V4hvtXQMSCqlzbjrLjW6LYUYb%2F4Iby1YrkIea3XZ61nai%2Fg2tEXzpKgBMAvNdyhZD1j5ogPb5TapQmgmiIv6fwSyH29pfxtO3qnPaby%2FSs2Q79HaTxKqoH4uS4QMhJicffAiJj9b562nxzTaXMco70Rh7rNihVxDw%2Fv5IVsNQhwB6%2Fm0123e%2Bh6eVS049P4qQGCqUrso5ciGL89H4SUftcynkaICJdAl2QarU1A1ldnn%2B1qTTKZ%2FPFhFlzNlEGUG4&tid=7 HTTP/2.0" 200 193 "https://sonarr.plexamh.duckdns.org/settings/general" "Mozilla/5.0 (X11; Ubuntu; Linux x86_64; rv:108.0) Gecko/20100101 Firefox/108.0"
192.168.1.37 - - [02/Jan/2023:23:34:00 +0100] "POST /signalr/abort?transport=serverSentEvents&clientProtocol=2.1&apiKey=f3834d1bc7e4426b88e36ee7021fdc07&connectionToken=U4FymNTi6q%2FaK4lNLEaj4CGnD8glVXnISPxS4c49v27n3hcvjfhCnvmTOlc9ii6V4hvtXQMSCqlzbjrLjW6LYUYb%2F4Iby1YrkIea3XZ61nai%2Fg2tEXzpKgBMAvNdyhZD1j5ogPb5TapQmgmiIv6fwSyH29pfxtO3qnPaby%2FSs2Q79HaTxKqoH4uS4QMhJicffAiJj9b562nxzTaXMco70Rh7rNihVxDw%2Fv5IVsNQhwB6%2Fm0123e%2Bh6eVS049P4qQGCqUrso5ciGL89H4SUftcynkaICJdAl2QarU1A1ldnn%2B1qTTKZ%2FPFhFlzNlEGUG4 HTTP/2.0" 200 0 "https://sonarr.plexamh.duckdns.org/settings/general" "Mozilla/5.0 (X11; Ubuntu; Linux x86_64; rv:108.0) Gecko/20100101 Firefox/108.0"
192.168.1.37 - - [02/Jan/2023:23:34:00 +0100] "GET /settings/general HTTP/2.0" 200 890 "-" "Mozilla/5.0 (X11; Ubuntu; Linux x86_64; rv:108.0) Gecko/20100101 Firefox/108.0"
192.168.1.37 - - [02/Jan/2023:23:34:00 +0100] "GET /initialize.js HTTP/2.0" 200 191 "https://sonarr.plexamh.duckdns.org/settings/general" "Mozilla/5.0 (X11; Ubuntu; Linux x86_64; rv:108.0) Gecko/20100101 Firefox/108.0"
192.168.1.37 - - [02/Jan/2023:23:34:00 +0100] "GET /initialize.js HTTP/2.0" 200 191 "-" "Mozilla/5.0 (X11; Ubuntu; Linux x86_64; rv:108.0) Gecko/20100101 Firefox/108.0"
192.168.1.37 - - [02/Jan/2023:23:34:01 +0100] "GET /api/v3/tag HTTP/2.0" 200 22 "https://sonarr.plexamh.duckdns.org/settings/general" "Mozilla/5.0 (X11; Ubuntu; Linux x86_64; rv:108.0) Gecko/20100101 Firefox/108.0"
192.168.1.37 - - [02/Jan/2023:23:34:01 +0100] "GET /api/v3/languageprofile HTTP/2.0" 200 439 "https://sonarr.plexamh.duckdns.org/settings/general" "Mozilla/5.0 (X11; Ubuntu; Linux x86_64; rv:108.0) Gecko/20100101 Firefox/108.0"
192.168.1.37 - - [02/Jan/2023:23:34:01 +0100] "GET /api/v3/series HTTP/2.0" 200 953 "https://sonarr.plexamh.duckdns.org/settings/general" "Mozilla/5.0 (X11; Ubuntu; Linux x86_64; rv:108.0) Gecko/20100101 Firefox/108.0"
192.168.1.37 - - [02/Jan/2023:23:34:01 +0100] "GET /api/v3/config/ui HTTP/2.0" 200 178 "https://sonarr.plexamh.duckdns.org/settings/general" "Mozilla/5.0 (X11; Ubuntu; Linux x86_64; rv:108.0) Gecko/20100101 Firefox/108.0"
192.168.1.37 - - [02/Jan/2023:23:34:01 +0100] "GET /api/v3/customFilter HTTP/2.0" 200 22 "https://sonarr.plexamh.duckdns.org/settings/general" "Mozilla/5.0 (X11; Ubuntu; Linux x86_64; rv:108.0) Gecko/20100101 Firefox/108.0"
192.168.1.37 - - [02/Jan/2023:23:34:01 +0100] "GET /api/v3/importlist HTTP/2.0" 200 22 "https://sonarr.plexamh.duckdns.org/settings/general" "Mozilla/5.0 (X11; Ubuntu; Linux x86_64; rv:108.0) Gecko/20100101 Firefox/108.0"
192.168.1.37 - - [02/Jan/2023:23:34:01 +0100] "GET /api/v3/qualityprofile HTTP/2.0" 200 1116 "https://sonarr.plexamh.duckdns.org/settings/general" "Mozilla/5.0 (X11; Ubuntu; Linux x86_64; rv:108.0) Gecko/20100101 Firefox/108.0"
192.168.1.37 - - [02/Jan/2023:23:34:01 +0100] "GET /api/v3/system/status HTTP/2.0" 200 405 "https://sonarr.plexamh.duckdns.org/settings/general" "Mozilla/5.0 (X11; Ubuntu; Linux x86_64; rv:108.0) Gecko/20100101 Firefox/108.0"
